------------------------------------------------------------
TimeQuest Timing Analyzer Summary
------------------------------------------------------------

Type  : Slow 1100mV 85C Model Setup 'u0|pll_0|altera_pll_i|general[0].gpll~PLL_OUTPUT_COUNTER|divclk'
Slack : -3.509
TNS   : -54.681

Type  : Slow 1100mV 85C Model Setup 'clk_dram_ext'
Slack : 1.553
TNS   : 0.000

Type  : Slow 1100mV 85C Model Setup 'soc_system:u0|soc_system_hps_0:hps_0|soc_system_hps_0_hps_io:hps_io|soc_system_hps_0_hps_io_border:border|hps_sdram:hps_sdram_inst|hps_sdram_pll:pll|afi_clk_write_clk'
Slack : 1.730
TNS   : 0.000

Type  : Slow 1100mV 85C Model Setup 'clock_50_1'
Slack : 2.837
TNS   : 0.000

Type  : Slow 1100mV 85C Model Setup 'u0|pll_0|altera_pll_i|general[3].gpll~PLL_OUTPUT_COUNTER|divclk'
Slack : 8.298
TNS   : 0.000

Type  : Slow 1100mV 85C Model Setup 'clock_50_0'
Slack : 8.404
TNS   : 0.000

Type  : Slow 1100mV 85C Model Setup 'altera_reserved_tck'
Slack : 9.592
TNS   : 0.000

Type  : Slow 1100mV 85C Model Setup 'MIPI_PIXEL_CLK'
Slack : 13.746
TNS   : 0.000

Type  : Slow 1100mV 85C Model Setup 'clock_50_2'
Slack : 17.463
TNS   : 0.000

Type  : Slow 1100mV 85C Model Hold 'clk_dram_ext'
Slack : -0.256
TNS   : -4.869

Type  : Slow 1100mV 85C Model Hold 'soc_system:u0|soc_system_hps_0:hps_0|soc_system_hps_0_hps_io:hps_io|soc_system_hps_0_hps_io_border:border|hps_sdram:hps_sdram_inst|hps_sdram_pll:pll|afi_clk_write_clk'
Slack : 0.143
TNS   : 0.000

Type  : Slow 1100mV 85C Model Hold 'u0|pll_0|altera_pll_i|general[0].gpll~PLL_OUTPUT_COUNTER|divclk'
Slack : 0.153
TNS   : 0.000

Type  : Slow 1100mV 85C Model Hold 'MIPI_PIXEL_CLK'
Slack : 0.217
TNS   : 0.000

Type  : Slow 1100mV 85C Model Hold 'clock_50_0'
Slack : 0.217
TNS   : 0.000

Type  : Slow 1100mV 85C Model Hold 'altera_reserved_tck'
Slack : 0.254
TNS   : 0.000

Type  : Slow 1100mV 85C Model Hold 'u0|pll_0|altera_pll_i|general[3].gpll~PLL_OUTPUT_COUNTER|divclk'
Slack : 0.307
TNS   : 0.000

Type  : Slow 1100mV 85C Model Hold 'clock_50_2'
Slack : 0.368
TNS   : 0.000

Type  : Slow 1100mV 85C Model Hold 'clock_50_1'
Slack : 0.377
TNS   : 0.000

Type  : Slow 1100mV 85C Model Recovery 'u0|pll_0|altera_pll_i|general[0].gpll~PLL_OUTPUT_COUNTER|divclk'
Slack : 0.583
TNS   : 0.000

Type  : Slow 1100mV 85C Model Recovery 'u0|pll_0|altera_pll_i|general[3].gpll~PLL_OUTPUT_COUNTER|divclk'
Slack : 1.499
TNS   : 0.000

Type  : Slow 1100mV 85C Model Recovery 'soc_system:u0|soc_system_hps_0:hps_0|soc_system_hps_0_hps_io:hps_io|soc_system_hps_0_hps_io_border:border|hps_sdram:hps_sdram_inst|hps_sdram_pll:pll|afi_clk_write_clk'
Slack : 3.375
TNS   : 0.000

Type  : Slow 1100mV 85C Model Recovery 'clock_50_0'
Slack : 13.872
TNS   : 0.000

Type  : Slow 1100mV 85C Model Recovery 'altera_reserved_tck'
Slack : 14.014
TNS   : 0.000

Type  : Slow 1100mV 85C Model Recovery 'MIPI_PIXEL_CLK'
Slack : 38.116
TNS   : 0.000

Type  : Slow 1100mV 85C Model Removal 'u0|pll_0|altera_pll_i|general[0].gpll~PLL_OUTPUT_COUNTER|divclk'
Slack : 0.443
TNS   : 0.000

Type  : Slow 1100mV 85C Model Removal 'MIPI_PIXEL_CLK'
Slack : 0.449
TNS   : 0.000

Type  : Slow 1100mV 85C Model Removal 'soc_system:u0|soc_system_hps_0:hps_0|soc_system_hps_0_hps_io:hps_io|soc_system_hps_0_hps_io_border:border|hps_sdram:hps_sdram_inst|hps_sdram_pll:pll|afi_clk_write_clk'
Slack : 0.470
TNS   : 0.000

Type  : Slow 1100mV 85C Model Removal 'clock_50_0'
Slack : 0.564
TNS   : 0.000

Type  : Slow 1100mV 85C Model Removal 'u0|pll_0|altera_pll_i|general[3].gpll~PLL_OUTPUT_COUNTER|divclk'
Slack : 0.564
TNS   : 0.000

Type  : Slow 1100mV 85C Model Removal 'altera_reserved_tck'
Slack : 0.788
TNS   : 0.000

Type  : Slow 1100mV 85C Model Minimum Pulse Width 'soc_system:u0|soc_system_hps_0:hps_0|soc_system_hps_0_hps_io:hps_io|soc_system_hps_0_hps_io_border:border|hps_sdram:hps_sdram_inst|hps_sdram_pll:pll|pll_write_clk_dq_write_clk'
Slack : 0.608
TNS   : 0.000

Type  : Slow 1100mV 85C Model Minimum Pulse Width 'soc_system:u0|soc_system_hps_0:hps_0|soc_system_hps_0_hps_io:hps_io|soc_system_hps_0_hps_io_border:border|hps_sdram:hps_sdram_inst|hps_sdram_pll:pll|afi_clk_write_clk'
Slack : 0.623
TNS   : 0.000

Type  : Slow 1100mV 85C Model Minimum Pulse Width 'u0|pll_0|altera_pll_i|general[0].gpll~FRACTIONAL_PLL|vcoph[0]'
Slack : 0.961
TNS   : 0.000

Type  : Slow 1100mV 85C Model Minimum Pulse Width 'u0|pll_0|altera_pll_i|general[0].gpll~PLL_OUTPUT_COUNTER|divclk'
Slack : 2.608
TNS   : 0.000

Type  : Slow 1100mV 85C Model Minimum Pulse Width 'u0|pll_0|altera_pll_i|general[1].gpll~PLL_OUTPUT_COUNTER|divclk'
Slack : 3.697
TNS   : 0.000

Type  : Slow 1100mV 85C Model Minimum Pulse Width 'u0|pll_0|altera_pll_i|general[3].gpll~PLL_OUTPUT_COUNTER|divclk'
Slack : 6.438
TNS   : 0.000

Type  : Slow 1100mV 85C Model Minimum Pulse Width 'clock_50_1'
Slack : 8.805
TNS   : 0.000

Type  : Slow 1100mV 85C Model Minimum Pulse Width 'clock_50_0'
Slack : 8.912
TNS   : 0.000

Type  : Slow 1100mV 85C Model Minimum Pulse Width 'clock_50_2'
Slack : 9.228
TNS   : 0.000

Type  : Slow 1100mV 85C Model Minimum Pulse Width 'altera_reserved_tck'
Slack : 15.426
TNS   : 0.000

Type  : Slow 1100mV 85C Model Minimum Pulse Width 'MIPI_PIXEL_CLK'
Slack : 18.530
TNS   : 0.000

Type  : Slow 1100mV 0C Model Setup 'u0|pll_0|altera_pll_i|general[0].gpll~PLL_OUTPUT_COUNTER|divclk'
Slack : -3.239
TNS   : -50.089

Type  : Slow 1100mV 0C Model Setup 'clk_dram_ext'
Slack : 1.678
TNS   : 0.000

Type  : Slow 1100mV 0C Model Setup 'soc_system:u0|soc_system_hps_0:hps_0|soc_system_hps_0_hps_io:hps_io|soc_system_hps_0_hps_io_border:border|hps_sdram:hps_sdram_inst|hps_sdram_pll:pll|afi_clk_write_clk'
Slack : 1.727
TNS   : 0.000

Type  : Slow 1100mV 0C Model Setup 'clock_50_1'
Slack : 3.577
TNS   : 0.000

Type  : Slow 1100mV 0C Model Setup 'u0|pll_0|altera_pll_i|general[3].gpll~PLL_OUTPUT_COUNTER|divclk'
Slack : 8.243
TNS   : 0.000

Type  : Slow 1100mV 0C Model Setup 'clock_50_0'
Slack : 8.466
TNS   : 0.000

Type  : Slow 1100mV 0C Model Setup 'altera_reserved_tck'
Slack : 9.856
TNS   : 0.000

Type  : Slow 1100mV 0C Model Setup 'MIPI_PIXEL_CLK'
Slack : 13.894
TNS   : 0.000

Type  : Slow 1100mV 0C Model Setup 'clock_50_2'
Slack : 17.500
TNS   : 0.000

Type  : Slow 1100mV 0C Model Hold 'clk_dram_ext'
Slack : -0.234
TNS   : -3.941

Type  : Slow 1100mV 0C Model Hold 'u0|pll_0|altera_pll_i|general[0].gpll~PLL_OUTPUT_COUNTER|divclk'
Slack : 0.108
TNS   : 0.000

Type  : Slow 1100mV 0C Model Hold 'soc_system:u0|soc_system_hps_0:hps_0|soc_system_hps_0_hps_io:hps_io|soc_system_hps_0_hps_io_border:border|hps_sdram:hps_sdram_inst|hps_sdram_pll:pll|afi_clk_write_clk'
Slack : 0.162
TNS   : 0.000

Type  : Slow 1100mV 0C Model Hold 'clock_50_0'
Slack : 0.204
TNS   : 0.000

Type  : Slow 1100mV 0C Model Hold 'altera_reserved_tck'
Slack : 0.230
TNS   : 0.000

Type  : Slow 1100mV 0C Model Hold 'MIPI_PIXEL_CLK'
Slack : 0.279
TNS   : 0.000

Type  : Slow 1100mV 0C Model Hold 'u0|pll_0|altera_pll_i|general[3].gpll~PLL_OUTPUT_COUNTER|divclk'
Slack : 0.294
TNS   : 0.000

Type  : Slow 1100mV 0C Model Hold 'clock_50_2'
Slack : 0.369
TNS   : 0.000

Type  : Slow 1100mV 0C Model Hold 'clock_50_1'
Slack : 0.376
TNS   : 0.000

Type  : Slow 1100mV 0C Model Recovery 'u0|pll_0|altera_pll_i|general[0].gpll~PLL_OUTPUT_COUNTER|divclk'
Slack : 0.663
TNS   : 0.000

Type  : Slow 1100mV 0C Model Recovery 'u0|pll_0|altera_pll_i|general[3].gpll~PLL_OUTPUT_COUNTER|divclk'
Slack : 1.567
TNS   : 0.000

Type  : Slow 1100mV 0C Model Recovery 'soc_system:u0|soc_system_hps_0:hps_0|soc_system_hps_0_hps_io:hps_io|soc_system_hps_0_hps_io_border:border|hps_sdram:hps_sdram_inst|hps_sdram_pll:pll|afi_clk_write_clk'
Slack : 3.468
TNS   : 0.000

Type  : Slow 1100mV 0C Model Recovery 'clock_50_0'
Slack : 13.902
TNS   : 0.000

Type  : Slow 1100mV 0C Model Recovery 'altera_reserved_tck'
Slack : 14.150
TNS   : 0.000

Type  : Slow 1100mV 0C Model Recovery 'MIPI_PIXEL_CLK'
Slack : 38.220
TNS   : 0.000

Type  : Slow 1100mV 0C Model Removal 'u0|pll_0|altera_pll_i|general[0].gpll~PLL_OUTPUT_COUNTER|divclk'
Slack : 0.371
TNS   : 0.000

Type  : Slow 1100mV 0C Model Removal 'MIPI_PIXEL_CLK'
Slack : 0.423
TNS   : 0.000

Type  : Slow 1100mV 0C Model Removal 'soc_system:u0|soc_system_hps_0:hps_0|soc_system_hps_0_hps_io:hps_io|soc_system_hps_0_hps_io_border:border|hps_sdram:hps_sdram_inst|hps_sdram_pll:pll|afi_clk_write_clk'
Slack : 0.460
TNS   : 0.000

Type  : Slow 1100mV 0C Model Removal 'u0|pll_0|altera_pll_i|general[3].gpll~PLL_OUTPUT_COUNTER|divclk'
Slack : 0.510
TNS   : 0.000

Type  : Slow 1100mV 0C Model Removal 'clock_50_0'
Slack : 0.522
TNS   : 0.000

Type  : Slow 1100mV 0C Model Removal 'altera_reserved_tck'
Slack : 0.762
TNS   : 0.000

Type  : Slow 1100mV 0C Model Minimum Pulse Width 'soc_system:u0|soc_system_hps_0:hps_0|soc_system_hps_0_hps_io:hps_io|soc_system_hps_0_hps_io_border:border|hps_sdram:hps_sdram_inst|hps_sdram_pll:pll|pll_write_clk_dq_write_clk'
Slack : 0.613
TNS   : 0.000

Type  : Slow 1100mV 0C Model Minimum Pulse Width 'soc_system:u0|soc_system_hps_0:hps_0|soc_system_hps_0_hps_io:hps_io|soc_system_hps_0_hps_io_border:border|hps_sdram:hps_sdram_inst|hps_sdram_pll:pll|afi_clk_write_clk'
Slack : 0.630
TNS   : 0.000

Type  : Slow 1100mV 0C Model Minimum Pulse Width 'u0|pll_0|altera_pll_i|general[0].gpll~FRACTIONAL_PLL|vcoph[0]'
Slack : 0.961
TNS   : 0.000

Type  : Slow 1100mV 0C Model Minimum Pulse Width 'u0|pll_0|altera_pll_i|general[0].gpll~PLL_OUTPUT_COUNTER|divclk'
Slack : 2.589
TNS   : 0.000

Type  : Slow 1100mV 0C Model Minimum Pulse Width 'u0|pll_0|altera_pll_i|general[1].gpll~PLL_OUTPUT_COUNTER|divclk'
Slack : 3.659
TNS   : 0.000

Type  : Slow 1100mV 0C Model Minimum Pulse Width 'u0|pll_0|altera_pll_i|general[3].gpll~PLL_OUTPUT_COUNTER|divclk'
Slack : 6.420
TNS   : 0.000

Type  : Slow 1100mV 0C Model Minimum Pulse Width 'clock_50_1'
Slack : 8.822
TNS   : 0.000

Type  : Slow 1100mV 0C Model Minimum Pulse Width 'clock_50_0'
Slack : 8.943
TNS   : 0.000

Type  : Slow 1100mV 0C Model Minimum Pulse Width 'clock_50_2'
Slack : 9.290
TNS   : 0.000

Type  : Slow 1100mV 0C Model Minimum Pulse Width 'altera_reserved_tck'
Slack : 15.426
TNS   : 0.000

Type  : Slow 1100mV 0C Model Minimum Pulse Width 'MIPI_PIXEL_CLK'
Slack : 18.527
TNS   : 0.000

Type  : Fast 1100mV 85C Model Setup 'u0|pll_0|altera_pll_i|general[0].gpll~PLL_OUTPUT_COUNTER|divclk'
Slack : -1.127
TNS   : -17.138

Type  : Fast 1100mV 85C Model Setup 'soc_system:u0|soc_system_hps_0:hps_0|soc_system_hps_0_hps_io:hps_io|soc_system_hps_0_hps_io_border:border|hps_sdram:hps_sdram_inst|hps_sdram_pll:pll|afi_clk_write_clk'
Slack : 2.110
TNS   : 0.000

Type  : Fast 1100mV 85C Model Setup 'clk_dram_ext'
Slack : 2.585
TNS   : 0.000

Type  : Fast 1100mV 85C Model Setup 'clock_50_1'
Slack : 5.564
TNS   : 0.000

Type  : Fast 1100mV 85C Model Setup 'u0|pll_0|altera_pll_i|general[3].gpll~PLL_OUTPUT_COUNTER|divclk'
Slack : 10.767
TNS   : 0.000

Type  : Fast 1100mV 85C Model Setup 'altera_reserved_tck'
Slack : 12.402
TNS   : 0.000

Type  : Fast 1100mV 85C Model Setup 'clock_50_0'
Slack : 12.681
TNS   : 0.000

Type  : Fast 1100mV 85C Model Setup 'MIPI_PIXEL_CLK'
Slack : 13.727
TNS   : 0.000

Type  : Fast 1100mV 85C Model Setup 'clock_50_2'
Slack : 18.618
TNS   : 0.000

Type  : Fast 1100mV 85C Model Hold 'altera_reserved_tck'
Slack : 0.083
TNS   : 0.000

Type  : Fast 1100mV 85C Model Hold 'soc_system:u0|soc_system_hps_0:hps_0|soc_system_hps_0_hps_io:hps_io|soc_system_hps_0_hps_io_border:border|hps_sdram:hps_sdram_inst|hps_sdram_pll:pll|afi_clk_write_clk'
Slack : 0.084
TNS   : 0.000

Type  : Fast 1100mV 85C Model Hold 'u0|pll_0|altera_pll_i|general[0].gpll~PLL_OUTPUT_COUNTER|divclk'
Slack : 0.092
TNS   : 0.000

Type  : Fast 1100mV 85C Model Hold 'clock_50_0'
Slack : 0.128
TNS   : 0.000

Type  : Fast 1100mV 85C Model Hold 'MIPI_PIXEL_CLK'
Slack : 0.139
TNS   : 0.000

Type  : Fast 1100mV 85C Model Hold 'u0|pll_0|altera_pll_i|general[3].gpll~PLL_OUTPUT_COUNTER|divclk'
Slack : 0.173
TNS   : 0.000

Type  : Fast 1100mV 85C Model Hold 'clock_50_1'
Slack : 0.183
TNS   : 0.000

Type  : Fast 1100mV 85C Model Hold 'clock_50_2'
Slack : 0.199
TNS   : 0.000

Type  : Fast 1100mV 85C Model Hold 'clk_dram_ext'
Slack : 0.377
TNS   : 0.000

Type  : Fast 1100mV 85C Model Recovery 'soc_system:u0|soc_system_hps_0:hps_0|soc_system_hps_0_hps_io:hps_io|soc_system_hps_0_hps_io_border:border|hps_sdram:hps_sdram_inst|hps_sdram_pll:pll|afi_clk_write_clk'
Slack : 3.727
TNS   : 0.000

Type  : Fast 1100mV 85C Model Recovery 'u0|pll_0|altera_pll_i|general[0].gpll~PLL_OUTPUT_COUNTER|divclk'
Slack : 3.812
TNS   : 0.000

Type  : Fast 1100mV 85C Model Recovery 'u0|pll_0|altera_pll_i|general[3].gpll~PLL_OUTPUT_COUNTER|divclk'
Slack : 4.312
TNS   : 0.000

Type  : Fast 1100mV 85C Model Recovery 'altera_reserved_tck'
Slack : 15.295
TNS   : 0.000

Type  : Fast 1100mV 85C Model Recovery 'clock_50_0'
Slack : 15.939
TNS   : 0.000

Type  : Fast 1100mV 85C Model Recovery 'MIPI_PIXEL_CLK'
Slack : 38.874
TNS   : 0.000

Type  : Fast 1100mV 85C Model Removal 'u0|pll_0|altera_pll_i|general[0].gpll~PLL_OUTPUT_COUNTER|divclk'
Slack : 0.242
TNS   : 0.000

Type  : Fast 1100mV 85C Model Removal 'MIPI_PIXEL_CLK'
Slack : 0.269
TNS   : 0.000

Type  : Fast 1100mV 85C Model Removal 'u0|pll_0|altera_pll_i|general[3].gpll~PLL_OUTPUT_COUNTER|divclk'
Slack : 0.294
TNS   : 0.000

Type  : Fast 1100mV 85C Model Removal 'clock_50_0'
Slack : 0.302
TNS   : 0.000

Type  : Fast 1100mV 85C Model Removal 'altera_reserved_tck'
Slack : 0.374
TNS   : 0.000

Type  : Fast 1100mV 85C Model Removal 'soc_system:u0|soc_system_hps_0:hps_0|soc_system_hps_0_hps_io:hps_io|soc_system_hps_0_hps_io_border:border|hps_sdram:hps_sdram_inst|hps_sdram_pll:pll|afi_clk_write_clk'
Slack : 0.497
TNS   : 0.000

Type  : Fast 1100mV 85C Model Minimum Pulse Width 'soc_system:u0|soc_system_hps_0:hps_0|soc_system_hps_0_hps_io:hps_io|soc_system_hps_0_hps_io_border:border|hps_sdram:hps_sdram_inst|hps_sdram_pll:pll|pll_write_clk_dq_write_clk'
Slack : 0.883
TNS   : 0.000

Type  : Fast 1100mV 85C Model Minimum Pulse Width 'soc_system:u0|soc_system_hps_0:hps_0|soc_system_hps_0_hps_io:hps_io|soc_system_hps_0_hps_io_border:border|hps_sdram:hps_sdram_inst|hps_sdram_pll:pll|afi_clk_write_clk'
Slack : 0.891
TNS   : 0.000

Type  : Fast 1100mV 85C Model Minimum Pulse Width 'u0|pll_0|altera_pll_i|general[0].gpll~FRACTIONAL_PLL|vcoph[0]'
Slack : 0.961
TNS   : 0.000

Type  : Fast 1100mV 85C Model Minimum Pulse Width 'u0|pll_0|altera_pll_i|general[0].gpll~PLL_OUTPUT_COUNTER|divclk'
Slack : 2.728
TNS   : 0.000

Type  : Fast 1100mV 85C Model Minimum Pulse Width 'u0|pll_0|altera_pll_i|general[1].gpll~PLL_OUTPUT_COUNTER|divclk'
Slack : 3.754
TNS   : 0.000

Type  : Fast 1100mV 85C Model Minimum Pulse Width 'u0|pll_0|altera_pll_i|general[3].gpll~PLL_OUTPUT_COUNTER|divclk'
Slack : 6.564
TNS   : 0.000

Type  : Fast 1100mV 85C Model Minimum Pulse Width 'clock_50_0'
Slack : 8.501
TNS   : 0.000

Type  : Fast 1100mV 85C Model Minimum Pulse Width 'clock_50_1'
Slack : 8.702
TNS   : 0.000

Type  : Fast 1100mV 85C Model Minimum Pulse Width 'clock_50_2'
Slack : 9.109
TNS   : 0.000

Type  : Fast 1100mV 85C Model Minimum Pulse Width 'altera_reserved_tck'
Slack : 15.345
TNS   : 0.000

Type  : Fast 1100mV 85C Model Minimum Pulse Width 'MIPI_PIXEL_CLK'
Slack : 18.181
TNS   : 0.000

Type  : Fast 1100mV 0C Model Setup 'u0|pll_0|altera_pll_i|general[0].gpll~PLL_OUTPUT_COUNTER|divclk'
Slack : -0.936
TNS   : -14.249

Type  : Fast 1100mV 0C Model Setup 'soc_system:u0|soc_system_hps_0:hps_0|soc_system_hps_0_hps_io:hps_io|soc_system_hps_0_hps_io_border:border|hps_sdram:hps_sdram_inst|hps_sdram_pll:pll|afi_clk_write_clk'
Slack : 2.110
TNS   : 0.000

Type  : Fast 1100mV 0C Model Setup 'clk_dram_ext'
Slack : 2.741
TNS   : 0.000

Type  : Fast 1100mV 0C Model Setup 'clock_50_1'
Slack : 6.452
TNS   : 0.000

Type  : Fast 1100mV 0C Model Setup 'u0|pll_0|altera_pll_i|general[3].gpll~PLL_OUTPUT_COUNTER|divclk'
Slack : 11.339
TNS   : 0.000

Type  : Fast 1100mV 0C Model Setup 'altera_reserved_tck'
Slack : 12.991
TNS   : 0.000

Type  : Fast 1100mV 0C Model Setup 'clock_50_0'
Slack : 13.431
TNS   : 0.000

Type  : Fast 1100mV 0C Model Setup 'MIPI_PIXEL_CLK'
Slack : 13.646
TNS   : 0.000

Type  : Fast 1100mV 0C Model Setup 'clock_50_2'
Slack : 18.734
TNS   : 0.000

Type  : Fast 1100mV 0C Model Hold 'u0|pll_0|altera_pll_i|general[0].gpll~PLL_OUTPUT_COUNTER|divclk'
Slack : 0.057
TNS   : 0.000

Type  : Fast 1100mV 0C Model Hold 'soc_system:u0|soc_system_hps_0:hps_0|soc_system_hps_0_hps_io:hps_io|soc_system_hps_0_hps_io_border:border|hps_sdram:hps_sdram_inst|hps_sdram_pll:pll|afi_clk_write_clk'
Slack : 0.077
TNS   : 0.000

Type  : Fast 1100mV 0C Model Hold 'altera_reserved_tck'
Slack : 0.082
TNS   : 0.000

Type  : Fast 1100mV 0C Model Hold 'clock_50_0'
Slack : 0.121
TNS   : 0.000

Type  : Fast 1100mV 0C Model Hold 'MIPI_PIXEL_CLK'
Slack : 0.145
TNS   : 0.000

Type  : Fast 1100mV 0C Model Hold 'u0|pll_0|altera_pll_i|general[3].gpll~PLL_OUTPUT_COUNTER|divclk'
Slack : 0.162
TNS   : 0.000

Type  : Fast 1100mV 0C Model Hold 'clock_50_1'
Slack : 0.177
TNS   : 0.000

Type  : Fast 1100mV 0C Model Hold 'clock_50_2'
Slack : 0.189
TNS   : 0.000

Type  : Fast 1100mV 0C Model Hold 'clk_dram_ext'
Slack : 0.261
TNS   : 0.000

Type  : Fast 1100mV 0C Model Recovery 'soc_system:u0|soc_system_hps_0:hps_0|soc_system_hps_0_hps_io:hps_io|soc_system_hps_0_hps_io_border:border|hps_sdram:hps_sdram_inst|hps_sdram_pll:pll|afi_clk_write_clk'
Slack : 3.825
TNS   : 0.000

Type  : Fast 1100mV 0C Model Recovery 'u0|pll_0|altera_pll_i|general[0].gpll~PLL_OUTPUT_COUNTER|divclk'
Slack : 3.870
TNS   : 0.000

Type  : Fast 1100mV 0C Model Recovery 'u0|pll_0|altera_pll_i|general[3].gpll~PLL_OUTPUT_COUNTER|divclk'
Slack : 4.377
TNS   : 0.000

Type  : Fast 1100mV 0C Model Recovery 'altera_reserved_tck'
Slack : 15.559
TNS   : 0.000

Type  : Fast 1100mV 0C Model Recovery 'clock_50_0'
Slack : 16.421
TNS   : 0.000

Type  : Fast 1100mV 0C Model Recovery 'MIPI_PIXEL_CLK'
Slack : 39.003
TNS   : 0.000

Type  : Fast 1100mV 0C Model Removal 'u0|pll_0|altera_pll_i|general[0].gpll~PLL_OUTPUT_COUNTER|divclk'
Slack : 0.184
TNS   : 0.000

Type  : Fast 1100mV 0C Model Removal 'MIPI_PIXEL_CLK'
Slack : 0.218
TNS   : 0.000

Type  : Fast 1100mV 0C Model Removal 'u0|pll_0|altera_pll_i|general[3].gpll~PLL_OUTPUT_COUNTER|divclk'
Slack : 0.264
TNS   : 0.000

Type  : Fast 1100mV 0C Model Removal 'clock_50_0'
Slack : 0.273
TNS   : 0.000

Type  : Fast 1100mV 0C Model Removal 'altera_reserved_tck'
Slack : 0.338
TNS   : 0.000

Type  : Fast 1100mV 0C Model Removal 'soc_system:u0|soc_system_hps_0:hps_0|soc_system_hps_0_hps_io:hps_io|soc_system_hps_0_hps_io_border:border|hps_sdram:hps_sdram_inst|hps_sdram_pll:pll|afi_clk_write_clk'
Slack : 0.473
TNS   : 0.000

Type  : Fast 1100mV 0C Model Minimum Pulse Width 'soc_system:u0|soc_system_hps_0:hps_0|soc_system_hps_0_hps_io:hps_io|soc_system_hps_0_hps_io_border:border|hps_sdram:hps_sdram_inst|hps_sdram_pll:pll|pll_write_clk_dq_write_clk'
Slack : 0.887
TNS   : 0.000

Type  : Fast 1100mV 0C Model Minimum Pulse Width 'soc_system:u0|soc_system_hps_0:hps_0|soc_system_hps_0_hps_io:hps_io|soc_system_hps_0_hps_io_border:border|hps_sdram:hps_sdram_inst|hps_sdram_pll:pll|afi_clk_write_clk'
Slack : 0.894
TNS   : 0.000

Type  : Fast 1100mV 0C Model Minimum Pulse Width 'u0|pll_0|altera_pll_i|general[0].gpll~FRACTIONAL_PLL|vcoph[0]'
Slack : 0.961
TNS   : 0.000

Type  : Fast 1100mV 0C Model Minimum Pulse Width 'u0|pll_0|altera_pll_i|general[0].gpll~PLL_OUTPUT_COUNTER|divclk'
Slack : 2.728
TNS   : 0.000

Type  : Fast 1100mV 0C Model Minimum Pulse Width 'u0|pll_0|altera_pll_i|general[1].gpll~PLL_OUTPUT_COUNTER|divclk'
Slack : 3.751
TNS   : 0.000

Type  : Fast 1100mV 0C Model Minimum Pulse Width 'u0|pll_0|altera_pll_i|general[3].gpll~PLL_OUTPUT_COUNTER|divclk'
Slack : 6.570
TNS   : 0.000

Type  : Fast 1100mV 0C Model Minimum Pulse Width 'clock_50_0'
Slack : 8.457
TNS   : 0.000

Type  : Fast 1100mV 0C Model Minimum Pulse Width 'clock_50_1'
Slack : 8.672
TNS   : 0.000

Type  : Fast 1100mV 0C Model Minimum Pulse Width 'clock_50_2'
Slack : 9.072
TNS   : 0.000

Type  : Fast 1100mV 0C Model Minimum Pulse Width 'altera_reserved_tck'
Slack : 15.354
TNS   : 0.000

Type  : Fast 1100mV 0C Model Minimum Pulse Width 'MIPI_PIXEL_CLK'
Slack : 18.138
TNS   : 0.000

------------------------------------------------------------
Info: see the "DDR report" for DDR timing results
------------------------------------------------------------
------------------------------------------------------------
